// Jest Snapshot v1, https://goo.gl/fbAQLP

exports[`ProjectList.vue Project List should be rendered correctly 1`] = `
<v-container-stub
  class="lighten-1 mt-1 [object Object]"
  fluid="true"
  tag="div"
>
  <h2
    class="white--text text-center mb-2"
  >
    ACTIVE PROJECTS
  </h2>
   
</v-container-stub>
`;
